Copyright 1986-2022 Xilinx, Inc. All Rights Reserved. Copyright 2022-2024 Advanced Micro Devices, Inc. All Rights Reserved.
---------------------------------------------------------------------------------------------------------------------------------------------
| Tool Version : Vivado v.2023.2.2 (lin64) Build 4126759 Thu Feb  8 23:52:05 MST 2024
| Date         : Sat Aug  2 21:27:23 2025
| Host         : 37b9771225f5 running 64-bit Ubuntu 22.04.5 LTS
| Command      : report_control_sets -verbose -file top_control_sets_placed.rpt
| Design       : top
| Device       : xc7a35t
---------------------------------------------------------------------------------------------------------------------------------------------

Control Set Information

Table of Contents
-----------------
1. Summary
2. Histogram
3. Flip-Flop Distribution
4. Detailed Control Set Information

1. Summary
----------

+----------------------------------------------------------+-------+
|                          Status                          | Count |
+----------------------------------------------------------+-------+
| Total control sets                                       |    12 |
|    Minimum number of control sets                        |    12 |
|    Addition due to synthesis replication                 |     0 |
|    Addition due to physical synthesis replication        |     0 |
| Unused register locations in slices containing registers |    23 |
+----------------------------------------------------------+-------+
* Control sets can be merged at opt_design using control_set_merge or merge_equivalent_drivers
** Run report_qor_suggestions for automated merging and remapping suggestions


2. Histogram
------------

+--------------------+-------+
|       Fanout       | Count |
+--------------------+-------+
| Total control sets |    12 |
| >= 0 to < 4        |     0 |
| >= 4 to < 6        |     0 |
| >= 6 to < 8        |     0 |
| >= 8 to < 10       |     4 |
| >= 10 to < 12      |     2 |
| >= 12 to < 14      |     0 |
| >= 14 to < 16      |     0 |
| >= 16              |     6 |
+--------------------+-------+
* Control sets can be remapped at either synth_design or opt_design


3. Flip-Flop Distribution
-------------------------

+--------------+-----------------------+------------------------+-----------------+--------------+
| Clock Enable | Synchronous Set/Reset | Asynchronous Set/Reset | Total Registers | Total Slices |
+--------------+-----------------------+------------------------+-----------------+--------------+
| No           | No                    | No                     |              68 |           30 |
| No           | No                    | Yes                    |               0 |            0 |
| No           | Yes                   | No                     |             123 |           47 |
| Yes          | No                    | No                     |              10 |            6 |
| Yes          | No                    | Yes                    |               0 |            0 |
| Yes          | Yes                   | No                     |              32 |           16 |
+--------------+-----------------------+------------------------+-----------------+--------------+


4. Detailed Control Set Information
-----------------------------------

+----------------+---------------------------------------------------+-------------------------------------------------+------------------+----------------+--------------+
|  Clock Signal  |                   Enable Signal                   |                 Set/Reset Signal                | Slice Load Count | Bel Load Count | Bels / Slice |
+----------------+---------------------------------------------------+-------------------------------------------------+------------------+----------------+--------------+
|  clk_IBUF_BUFG |                                                   | processor/stage_IFID/SR[0]                      |                2 |              8 |         4.00 |
|  clk_IBUF_BUFG |                                                   | processor/stage_EX/operation_result[15]_i_1_n_0 |                3 |              8 |         2.67 |
|  clk_IBUF_BUFG | UART/receiver/buffer_write                        |                                                 |                1 |              8 |         8.00 |
|  clk_IBUF_BUFG | processor/stage_EX/EX_reg_reg[8]_0                |                                                 |                1 |              8 |         8.00 |
|  clk_IBUF_BUFG |                                                   | UART/baud_count[9]_i_1_n_0                      |                2 |             10 |         5.00 |
|  clk_IBUF_BUFG | processor/stage_IFID/pred_nxt_prog_ctr[9]_i_1_n_0 |                                                 |                6 |             10 |         1.67 |
|  clk_IBUF_BUFG |                                                   | processor/stage_EX/data_wr_addr[15]_i_1_n_0     |                6 |             16 |         2.67 |
|  clk_IBUF_BUFG | processor/stage_IFID/pred_nxt_prog_ctr[9]_i_1_n_0 | processor/programcounter/btn[0]                 |               16 |             32 |         2.00 |
|  clk_IBUF_BUFG | processor/stage_EX/p_2_in__0                      |                                                 |                5 |             36 |         7.20 |
|  clk_IBUF_BUFG | processor/stage_EX/EX_reg_reg[5]_0                |                                                 |                5 |             40 |         8.00 |
|  clk_IBUF_BUFG |                                                   |                                                 |               30 |             68 |         2.27 |
|  clk_IBUF_BUFG |                                                   | btn_IBUF[0]                                     |               34 |             81 |         2.38 |
+----------------+---------------------------------------------------+-------------------------------------------------+------------------+----------------+--------------+


